2025-08-11 04:52:41,474 - Knowledge - INFO - Redis support added with prefix knowledge:b7165wr:
2025-08-11 04:52:41,691 - Knowledge - INFO - load persisted knowledge: begin
2025-08-11 04:52:41,830 - Knowledge - INFO - load persisted knowledge: end
2025-08-11 04:52:41,930 - Knowledge - INFO - load persisted docinfo: begin
2025-08-11 04:52:42,038 - Knowledge - INFO - load persisted docinfo: end
2025-08-11 04:52:42,125 - Knowledge - INFO - worker kw1 created with dedicated MongoDB connection (total: 1)
2025-08-11 04:52:42,234 - Knowledge - INFO - knowledge worker kw1 start
2025-08-11 04:52:42,236 - Knowledge - INFO - worker kw2 created with dedicated MongoDB connection (total: 2)
2025-08-11 04:52:42,360 - Knowledge - INFO - worker kw1 pull /app/data/rdk7542/90219/b7165wr/rfc-90219/rdk_env.xml from ingest queue
2025-08-11 04:52:42,450 - Knowledge - INFO - knowledge worker kw2 start
2025-08-11 04:52:42,452 - Knowledge - INFO - worker kw3 created with dedicated MongoDB connection (total: 3)
2025-08-11 04:52:42,594 - Knowledge - INFO - process ingested knowledge for /app/data/rdk7542/90219/b7165wr/rfc-90219/rdk_env.xml
2025-08-11 04:52:42,657 - Knowledge - INFO - worker kw2 pull /app/data/rdk7542/90219/b7165wr/rfc-90219/getRFC.sh from ingest queue
2025-08-11 04:52:42,771 - Knowledge - INFO - knowledge worker kw3 start
2025-08-11 04:52:42,772 - Knowledge - INFO - worker kw4 created with dedicated MongoDB connection (total: 4)
2025-08-11 04:52:42,898 - Knowledge - INFO - Found code-base-name: https://github.com/kavia-common/rfc-90219.git:kavia-master
2025-08-11 04:52:43,008 - Knowledge - INFO - process ingested knowledge for /app/data/rdk7542/90219/b7165wr/rfc-90219/getRFC.sh
2025-08-11 04:52:43,102 - Knowledge - INFO - worker kw3 pull /app/data/rdk7542/90219/b7165wr/rfc-90219/isFeatureEnabled.sh from ingest queue
2025-08-11 04:52:43,193 - Knowledge - INFO - knowledge worker kw4 start
2025-08-11 04:52:43,195 - Knowledge - INFO - worker kw5 created with dedicated MongoDB connection (total: 5)
2025-08-11 04:52:43,301 - Knowledge - INFO - Found code_base: <app.utils.kg_build.knowledge.KnowledgeCodeBase object at 0x7f6375c092d0>
2025-08-11 04:52:43,386 - Knowledge - INFO - Found code-base-name: https://github.com/kavia-common/rfc-90219.git:kavia-master
2025-08-11 04:52:43,536 - Knowledge - INFO - process ingested knowledge for /app/data/rdk7542/90219/b7165wr/rfc-90219/isFeatureEnabled.sh
2025-08-11 04:52:43,606 - Knowledge - INFO - worker kw4 pull /app/data/rdk7542/90219/b7165wr/rfc-90219/utils/trsetutils.cpp from ingest queue
2025-08-11 04:52:43,695 - Knowledge - INFO - knowledge worker kw5 start
2025-08-11 04:52:43,697 - Knowledge - INFO - worker kw6 created with dedicated MongoDB connection (total: 6)
2025-08-11 04:52:43,777 - Knowledge - INFO - persist ingested knowledge for /app/data/rdk7542/90219/b7165wr/rfc-90219/rdk_env.xml
2025-08-11 04:52:43,875 - Knowledge - INFO - Found code_base: <app.utils.kg_build.knowledge.KnowledgeCodeBase object at 0x7f6375c092d0>
2025-08-11 04:52:43,974 - Knowledge - INFO - Found code-base-name: https://github.com/kavia-common/rfc-90219.git:kavia-master
2025-08-11 04:52:44,092 - Knowledge - INFO - process ingested knowledge for /app/data/rdk7542/90219/b7165wr/rfc-90219/utils/trsetutils.cpp
2025-08-11 04:52:44,153 - Knowledge - INFO - worker kw5 pull /app/data/rdk7542/90219/b7165wr/rfc-90219/utils/jsonhandler.cpp from ingest queue
2025-08-11 04:52:44,253 - Knowledge - INFO - knowledge worker kw6 start
2025-08-11 04:52:44,255 - Knowledge - INFO - worker kw7 created with dedicated MongoDB connection (total: 7)
2025-08-11 04:52:44,415 - Knowledge - INFO - adding /app/data/rdk7542/90219/b7165wr/rfc-90219/rdk_env.xml to ingest queue
2025-08-11 04:52:44,449 - Knowledge - INFO - persist ingested knowledge for /app/data/rdk7542/90219/b7165wr/rfc-90219/getRFC.sh
2025-08-11 04:52:44,574 - Knowledge - INFO - Found code_base: <app.utils.kg_build.knowledge.KnowledgeCodeBase object at 0x7f6375c092d0>
2025-08-11 04:52:44,841 - Knowledge - INFO - process ingested knowledge for /app/data/rdk7542/90219/b7165wr/rfc-90219/utils/jsonhandler.cpp
2025-08-11 04:52:44,965 - Knowledge - INFO - knowledge worker kw7 start
2025-08-11 04:52:44,967 - Knowledge - INFO - worker kw8 created with dedicated MongoDB connection (total: 8)
2025-08-11 04:52:45,066 - Knowledge - INFO - Found code-base-name: https://github.com/kavia-common/rfc-90219.git:kavia-master
2025-08-11 04:52:45,067 - Knowledge - INFO - worker kw6 pull /app/data/rdk7542/90219/b7165wr/rfc-90219/rdk_build.sh from ingest queue
2025-08-11 04:52:45,067 - Knowledge - INFO - worker kw1 pull /app/data/rdk7542/90219/b7165wr/rfc-90219/RFCpostprocess.sh from ingest queue
2025-08-11 04:52:45,260 - Knowledge - INFO - adding /app/data/rdk7542/90219/b7165wr/rfc-90219/getRFC.sh to ingest queue
2025-08-11 04:52:45,280 - Knowledge - INFO - persist ingested knowledge for /app/data/rdk7542/90219/b7165wr/rfc-90219/isFeatureEnabled.sh
2025-08-11 04:52:45,620 - Knowledge - INFO - knowledge worker kw8 start
2025-08-11 04:52:45,621 - Knowledge - INFO - worker kw9 created with dedicated MongoDB connection (total: 9)
2025-08-11 04:52:45,765 - Knowledge - INFO - Found code_base: <app.utils.kg_build.knowledge.KnowledgeCodeBase object at 0x7f6375c092d0>
2025-08-11 04:52:45,926 - Knowledge - INFO - process ingested knowledge for /app/data/rdk7542/90219/b7165wr/rfc-90219/rdk_build.sh
2025-08-11 04:52:45,997 - Knowledge - INFO - process ingested knowledge for /app/data/rdk7542/90219/b7165wr/rfc-90219/RFCpostprocess.sh
2025-08-11 04:52:46,103 - Knowledge - INFO - Found code-base-name: https://github.com/kavia-common/rfc-90219.git:kavia-master
2025-08-11 04:52:46,103 - Knowledge - INFO - worker kw7 pull /app/data/rdk7542/90219/b7165wr/rfc-90219/CONTRIBUTING.md from ingest queue
2025-08-11 04:52:46,103 - Knowledge - INFO - worker kw2 pull /app/data/rdk7542/90219/b7165wr/rfc-90219/RFCbase.sh from ingest queue
2025-08-11 04:52:46,257 - Knowledge - INFO - adding /app/data/rdk7542/90219/b7165wr/rfc-90219/isFeatureEnabled.sh to ingest queue
2025-08-11 04:52:46,408 - Knowledge - INFO - knowledge worker kw9 start
2025-08-11 04:52:46,504 - Knowledge - INFO - persist ingested knowledge for /app/data/rdk7542/90219/b7165wr/rfc-90219/utils/trsetutils.cpp
2025-08-11 04:52:46,900 - Knowledge - INFO - Found code_base: <app.utils.kg_build.knowledge.KnowledgeCodeBase object at 0x7f6375c092d0>
2025-08-11 04:52:47,505 - Knowledge - INFO - persist ingested knowledge for /app/data/rdk7542/90219/b7165wr/rfc-90219/utils/jsonhandler.cpp
2025-08-11 04:52:47,121 - Knowledge - INFO - process ingested knowledge for /app/data/rdk7542/90219/b7165wr/rfc-90219/RFCbase.sh
2025-08-11 04:52:47,205 - Knowledge - INFO - worker kw8 pull /app/data/rdk7542/90219/b7165wr/rfc-90219/rdk_env.xml from ingest queue
2025-08-11 04:52:47,206 - Knowledge - INFO - Found code-base-name: https://github.com/kavia-common/rfc-90219.git:kavia-master
2025-08-11 04:52:47,878 - Knowledge - INFO - Found code_base: <app.utils.kg_build.knowledge.KnowledgeCodeBase object at 0x7f6375c092d0>
2025-08-11 04:52:47,206 - Knowledge - INFO - worker kw3 pull /app/data/rdk7542/90219/b7165wr/rfc-90219/getRFC.sh from ingest queue
2025-08-11 04:52:47,334 - Knowledge - INFO - worker kw9 pull /app/data/rdk7542/90219/b7165wr/rfc-90219/isFeatureEnabled.sh from ingest queue
2025-08-11 04:52:47,480 - Knowledge - INFO - adding /app/data/rdk7542/90219/b7165wr/rfc-90219/utils/trsetutils.cpp to ingest queue
2025-08-11 04:52:47,025 - Knowledge - INFO - process ingested knowledge for /app/data/rdk7542/90219/b7165wr/rfc-90219/CONTRIBUTING.md
2025-08-11 04:52:47,785 - Knowledge - INFO - Thread kw8 - File rdk_env.xml - Remaining files in queue: 0
2025-08-11 04:52:47,206 - Knowledge - INFO - Found code-base-name: https://github.com/kavia-common/rfc-90219.git:kavia-master
2025-08-11 04:52:47,962 - Knowledge - INFO - persist ingested knowledge for /app/data/rdk7542/90219/b7165wr/rfc-90219/rdk_build.sh
2025-08-11 04:52:48,084 - Knowledge - INFO - Thread kw3 - File getRFC.sh - Remaining files in queue: 0
2025-08-11 04:52:48,212 - Knowledge - INFO - Thread kw9 - File isFeatureEnabled.sh - Remaining files in queue: 0
2025-08-11 04:52:48,392 - Knowledge - INFO - Found code-base-name: https://github.com/kavia-common/rfc-90219.git:kavia-master
2025-08-11 04:52:49,011 - Knowledge - INFO - Found code_base: <app.utils.kg_build.knowledge.KnowledgeCodeBase object at 0x7f6375c092d0>
2025-08-11 04:52:48,392 - Knowledge - INFO - adding /app/data/rdk7542/90219/b7165wr/rfc-90219/utils/jsonhandler.cpp to ingest queue
2025-08-11 04:52:48,545 - Knowledge - INFO - start ingest for /app/data/rdk7542/90219/b7165wr/rfc-90219/rdk_env.xml
2025-08-11 04:52:48,649 - Knowledge - INFO - Found code_base: <app.utils.kg_build.knowledge.KnowledgeCodeBase object at 0x7f6375c092d0>
2025-08-11 04:52:49,476 - Knowledge - INFO - persist ingested knowledge for /app/data/rdk7542/90219/b7165wr/rfc-90219/RFCpostprocess.sh
2025-08-11 04:52:48,918 - Knowledge - INFO - start ingest for /app/data/rdk7542/90219/b7165wr/rfc-90219/isFeatureEnabled.sh
2025-08-11 04:52:48,392 - Knowledge - INFO - worker kw4 pull /app/data/rdk7542/90219/b7165wr/rfc-90219/utils/trsetutils.cpp from ingest queue
2025-08-11 04:52:49,124 - Knowledge - INFO - persist ingested knowledge for /app/data/rdk7542/90219/b7165wr/rfc-90219/RFCbase.sh
2025-08-11 04:52:49,264 - Knowledge - INFO - Found code-base-name: https://github.com/kavia-common/rfc-90219.git:kavia-master
2025-08-11 04:52:49,332 - Knowledge - INFO - worker kw5 pull /app/data/rdk7542/90219/b7165wr/rfc-90219/utils/jsonhandler.cpp from ingest queue
2025-08-11 04:52:49,332 - Knowledge - INFO - adding /app/data/rdk7542/90219/b7165wr/rfc-90219/rdk_build.sh to ingest queue
2025-08-11 04:52:49,375 - Knowledge - INFO - Fast-track processing for simple file: /app/data/rdk7542/90219/b7165wr/rfc-90219/rdk_env.xml
2025-08-11 04:52:48,808 - Knowledge - INFO - start ingest for /app/data/rdk7542/90219/b7165wr/rfc-90219/getRFC.sh
2025-08-11 04:52:49,797 - Knowledge - INFO - Thread kw4 - File trsetutils.cpp - Remaining files in queue: 0
2025-08-11 04:52:50,020 - Knowledge - INFO - Found code_base: <app.utils.kg_build.knowledge.KnowledgeCodeBase object at 0x7f6375c092d0>
2025-08-11 04:52:50,103 - Knowledge - INFO - Thread kw5 - File jsonhandler.cpp - Remaining files in queue: 0
2025-08-11 04:52:50,284 - Knowledge - INFO - done fast ingest for /app/data/rdk7542/90219/b7165wr/rfc-90219/rdk_env.xml
2025-08-11 04:52:50,322 - Knowledge - INFO - worker kw6 pull /app/data/rdk7542/90219/b7165wr/rfc-90219/rdk_build.sh from ingest queue
2025-08-11 04:52:50,322 - Knowledge - INFO - adding /app/data/rdk7542/90219/b7165wr/rfc-90219/RFCpostprocess.sh to ingest queue
2025-08-11 04:52:50,507 - Knowledge - INFO - start ingest for /app/data/rdk7542/90219/b7165wr/rfc-90219/utils/trsetutils.cpp
2025-08-11 04:52:50,616 - Knowledge - INFO - persist ingested knowledge for /app/data/rdk7542/90219/b7165wr/rfc-90219/CONTRIBUTING.md
2025-08-11 04:52:50,713 - Knowledge - INFO - start ingest for /app/data/rdk7542/90219/b7165wr/rfc-90219/utils/jsonhandler.cpp
2025-08-11 04:52:50,834 - Knowledge - INFO - process ingested knowledge for /app/data/rdk7542/90219/b7165wr/rfc-90219/rdk_env.xml
2025-08-11 04:52:50,913 - Knowledge - INFO - Thread kw6 - File rdk_build.sh - Remaining files in queue: 0
2025-08-11 04:52:51,029 - Knowledge - INFO - adding /app/data/rdk7542/90219/b7165wr/rfc-90219/RFCbase.sh to ingest queue
2025-08-11 04:52:51,712 - Knowledge - INFO - start ingest for /app/data/rdk7542/90219/b7165wr/rfc-90219/rdk_build.sh
2025-08-11 04:52:51,814 - Knowledge - INFO - worker kw1 pull /app/data/rdk7542/90219/b7165wr/rfc-90219/RFCpostprocess.sh from ingest queue
2025-08-11 04:52:51,897 - Knowledge - INFO - Found code-base-name: https://github.com/kavia-common/rfc-90219.git:kavia-master
2025-08-11 04:52:51,898 - Knowledge - INFO - worker kw2 pull /app/data/rdk7542/90219/b7165wr/rfc-90219/RFCbase.sh from ingest queue
2025-08-11 04:52:51,898 - Knowledge - INFO - adding /app/data/rdk7542/90219/b7165wr/rfc-90219/CONTRIBUTING.md to ingest queue
2025-08-11 04:52:52,002 - Knowledge - INFO - Thread kw1 - File RFCpostprocess.sh - Remaining files in queue: 0
2025-08-11 04:52:52,094 - Knowledge - INFO - Found code_base: <app.utils.kg_build.knowledge.KnowledgeCodeBase object at 0x7f6375c092d0>
2025-08-11 04:52:52,174 - Knowledge - INFO - Thread kw2 - File RFCbase.sh - Remaining files in queue: 0
2025-08-11 04:52:52,257 - Knowledge - INFO - worker kw7 pull /app/data/rdk7542/90219/b7165wr/rfc-90219/CONTRIBUTING.md from ingest queue
2025-08-11 04:52:52,361 - Knowledge - INFO - start ingest for /app/data/rdk7542/90219/b7165wr/rfc-90219/RFCpostprocess.sh
2025-08-11 04:52:52,456 - Knowledge - INFO - persist ingested knowledge for /app/data/rdk7542/90219/b7165wr/rfc-90219/rdk_env.xml
2025-08-11 04:52:52,548 - Knowledge - INFO - start ingest for /app/data/rdk7542/90219/b7165wr/rfc-90219/RFCbase.sh
2025-08-11 04:52:52,666 - Knowledge - INFO - Thread kw7 - File CONTRIBUTING.md - Remaining files in queue: 0
2025-08-11 04:52:53,137 - Knowledge - INFO - start ingest for /app/data/rdk7542/90219/b7165wr/rfc-90219/CONTRIBUTING.md
2025-08-11 04:52:53,272 - Knowledge - INFO - Fast-track processing for simple file: /app/data/rdk7542/90219/b7165wr/rfc-90219/CONTRIBUTING.md
2025-08-11 04:52:53,397 - Knowledge - INFO - done fast ingest for /app/data/rdk7542/90219/b7165wr/rfc-90219/CONTRIBUTING.md
2025-08-11 04:52:53,519 - Knowledge - INFO - process ingested knowledge for /app/data/rdk7542/90219/b7165wr/rfc-90219/CONTRIBUTING.md
2025-08-11 04:52:53,655 - Knowledge - INFO - Found code-base-name: https://github.com/kavia-common/rfc-90219.git:kavia-master
2025-08-11 04:52:53,795 - Knowledge - INFO - Found code_base: <app.utils.kg_build.knowledge.KnowledgeCodeBase object at 0x7f6375c092d0>
2025-08-11 04:52:53,896 - Knowledge - INFO - persist ingested knowledge for /app/data/rdk7542/90219/b7165wr/rfc-90219/CONTRIBUTING.md
2025-08-11 04:52:55,956 - Knowledge - INFO - done ingest for /app/data/rdk7542/90219/b7165wr/rfc-90219/getRFC.sh
2025-08-11 04:52:56,066 - Knowledge - INFO - process ingested knowledge for /app/data/rdk7542/90219/b7165wr/rfc-90219/getRFC.sh
2025-08-11 04:52:56,143 - Knowledge - INFO - Found code-base-name: https://github.com/kavia-common/rfc-90219.git:kavia-master
2025-08-11 04:52:56,230 - Knowledge - INFO - done ingest for /app/data/rdk7542/90219/b7165wr/rfc-90219/isFeatureEnabled.sh
2025-08-11 04:52:56,241 - Knowledge - INFO - Found code_base: <app.utils.kg_build.knowledge.KnowledgeCodeBase object at 0x7f6375c092d0>
2025-08-11 04:52:56,337 - Knowledge - INFO - process ingested knowledge for /app/data/rdk7542/90219/b7165wr/rfc-90219/isFeatureEnabled.sh
2025-08-11 04:52:56,433 - Knowledge - INFO - persist ingested knowledge for /app/data/rdk7542/90219/b7165wr/rfc-90219/getRFC.sh
2025-08-11 04:52:56,529 - Knowledge - INFO - Found code-base-name: https://github.com/kavia-common/rfc-90219.git:kavia-master
2025-08-11 04:52:56,769 - Knowledge - INFO - Found code_base: <app.utils.kg_build.knowledge.KnowledgeCodeBase object at 0x7f6375c092d0>
2025-08-11 04:52:56,895 - Knowledge - INFO - persist ingested knowledge for /app/data/rdk7542/90219/b7165wr/rfc-90219/isFeatureEnabled.sh
2025-08-11 04:52:57,550 - Knowledge - INFO - persist search terms embedding for getRFC.sh
2025-08-11 04:52:58,250 - Knowledge - INFO - persist search terms embedding for isFeatureEnabled.sh
2025-08-11 04:53:05,176 - Knowledge - INFO - done ingest for /app/data/rdk7542/90219/b7165wr/rfc-90219/RFCpostprocess.sh
2025-08-11 04:53:05,266 - Knowledge - INFO - process ingested knowledge for /app/data/rdk7542/90219/b7165wr/rfc-90219/RFCpostprocess.sh
2025-08-11 04:53:05,395 - Knowledge - INFO - Found code-base-name: https://github.com/kavia-common/rfc-90219.git:kavia-master
2025-08-11 04:53:05,456 - Knowledge - INFO - done ingest for /app/data/rdk7542/90219/b7165wr/rfc-90219/rdk_build.sh
2025-08-11 04:53:05,494 - Knowledge - INFO - Found code_base: <app.utils.kg_build.knowledge.KnowledgeCodeBase object at 0x7f6375c092d0>
2025-08-11 04:53:05,639 - Knowledge - INFO - process ingested knowledge for /app/data/rdk7542/90219/b7165wr/rfc-90219/rdk_build.sh
2025-08-11 04:53:05,814 - Knowledge - INFO - persist ingested knowledge for /app/data/rdk7542/90219/b7165wr/rfc-90219/RFCpostprocess.sh
2025-08-11 04:53:06,022 - Knowledge - INFO - Found code-base-name: https://github.com/kavia-common/rfc-90219.git:kavia-master
2025-08-11 04:53:06,306 - Knowledge - INFO - Found code_base: <app.utils.kg_build.knowledge.KnowledgeCodeBase object at 0x7f6375c092d0>
2025-08-11 04:53:06,486 - Knowledge - INFO - persist ingested knowledge for /app/data/rdk7542/90219/b7165wr/rfc-90219/rdk_build.sh
2025-08-11 04:53:06,918 - Knowledge - INFO - done ingest for /app/data/rdk7542/90219/b7165wr/rfc-90219/utils/trsetutils.cpp
2025-08-11 04:53:07,016 - Knowledge - INFO - done ingest for /app/data/rdk7542/90219/b7165wr/rfc-90219/utils/jsonhandler.cpp
2025-08-11 04:53:07,144 - Knowledge - INFO - process ingested knowledge for /app/data/rdk7542/90219/b7165wr/rfc-90219/utils/trsetutils.cpp
2025-08-11 04:53:07,265 - Knowledge - INFO - process ingested knowledge for /app/data/rdk7542/90219/b7165wr/rfc-90219/utils/jsonhandler.cpp
2025-08-11 04:53:07,402 - Knowledge - INFO - persist search terms embedding for RFCpostprocess.sh
2025-08-11 04:53:08,555 - Knowledge - INFO - persist search terms embedding for rdk_build.sh
2025-08-11 04:53:08,655 - Knowledge - INFO - Found code-base-name: https://github.com/kavia-common/rfc-90219.git:kavia-master
2025-08-11 04:53:08,657 - Knowledge - INFO - Found code-base-name: https://github.com/kavia-common/rfc-90219.git:kavia-master
2025-08-11 04:53:08,759 - Knowledge - INFO - Found code_base: <app.utils.kg_build.knowledge.KnowledgeCodeBase object at 0x7f6375c092d0>
2025-08-11 04:53:08,843 - Knowledge - INFO - Found code_base: <app.utils.kg_build.knowledge.KnowledgeCodeBase object at 0x7f6375c092d0>
2025-08-11 04:53:09,012 - Knowledge - INFO - persist ingested knowledge for /app/data/rdk7542/90219/b7165wr/rfc-90219/utils/jsonhandler.cpp
2025-08-11 04:53:08,924 - Knowledge - INFO - persist ingested knowledge for /app/data/rdk7542/90219/b7165wr/rfc-90219/utils/trsetutils.cpp
2025-08-11 04:53:09,202 - Knowledge - INFO - done ingest for /app/data/rdk7542/90219/b7165wr/rfc-90219/RFCbase.sh
2025-08-11 04:53:09,397 - Knowledge - INFO - process ingested knowledge for /app/data/rdk7542/90219/b7165wr/rfc-90219/RFCbase.sh
2025-08-11 04:53:09,903 - Knowledge - INFO - persist search terms embedding for utils/jsonhandler.cpp
2025-08-11 04:53:09,996 - Knowledge - INFO - Found code-base-name: https://github.com/kavia-common/rfc-90219.git:kavia-master
2025-08-11 04:53:10,103 - Knowledge - INFO - Found code_base: <app.utils.kg_build.knowledge.KnowledgeCodeBase object at 0x7f6375c092d0>
2025-08-11 04:53:10,186 - Knowledge - INFO - persist ingested knowledge for /app/data/rdk7542/90219/b7165wr/rfc-90219/RFCbase.sh
2025-08-11 04:53:10,416 - Knowledge - INFO - persist search terms embedding for utils/trsetutils.cpp
2025-08-11 04:53:10,937 - Knowledge - INFO - persist search terms embedding for RFCbase.sh
2025-08-11 04:53:11,059 - Knowledge - INFO - Knowledge creation complete
2025-08-11 04:53:11,198 - Knowledge - INFO - Updating org costs, total cost: 0.0055271999999999995
2025-08-11 04:53:11,872 - Knowledge - INFO - Saving knowledge to Redis...
2025-08-11 04:53:12,011 - Knowledge - INFO - Knowledge saved to Redis successfully
